// Jest Snapshot v1, https://goo.gl/fbAQLP

exports[`AddCar component matches snapshot 1`] = `
<DocumentFragment>
  <section
    class="container w-100 d-flex justify-content-center align-items-center"
  >
    <div
      class="row"
    >
      <div
        class="col-md-10 w-100"
      >
        <h1
          class="text-primary"
        >
          Add New Car
        </h1>
        <form
          class="w-100"
        >
          <div
            class="mb-3"
          >
            <label
              class="form-label text-primary"
              for="carname"
            >
              Car Name
              <input
                class="form-control"
                id="carname"
                name="name"
                placeholder="Car Name"
                type="text"
                value=""
              />
            </label>
          </div>
          <div
            class="mb-3"
          >
            <label
              class="form-label text-primary"
              for="carPrice"
            >
              Car Price
              <input
                class="form-control"
                id="carPrice"
                name="price"
                placeholder="Car Price"
                type="number"
                value=""
              />
            </label>
          </div>
          <div
            class="mb-3"
          >
            <label
              class="form-label text-primary"
              for="carmodel"
            >
              Car Model
              <input
                class="form-control"
                id="carmodel"
                name="model"
                placeholder="Car Model"
                type="text"
                value=""
              />
            </label>
          </div>
          <div
            class="mb-3"
          >
            <label
              class="form-label text-primary"
              for="carImage"
            >
              Car Image
              <input
                accept="image/*"
                class="form-control"
                id="carImage"
                name="photo"
                placeholder="Enter your image url"
                type="file"
              />
            </label>
          </div>
          <div
            class="mb-3"
          >
            <label
              class="form-label text-primary"
              for="carDescription"
            >
              Car Description
              <textarea
                class="form-control"
                id="carDescription"
                name="description"
                rows="3"
              />
            </label>
          </div>
          <div
            class="mb-3"
          >
            <input
              class="btn btn-primary"
              type="submit"
              value="Add Car"
            />
          </div>
        </form>
      </div>
    </div>
  </section>
</DocumentFragment>
`;
