// Jest Snapshot v1, https://goo.gl/fbAQLP

exports[`Navbar Component Testing Navebar Screenshot 1`] = `
Object {
  "asFragment": [Function],
  "baseElement": <body>
    <div>
      <div
        class="mobile bars"
      >
        <span
          role="button"
          tabindex="0"
        >
          <i
            class="fa-solid fa-bars"
          />
        </span>
      </div>
      <div
        class="block"
        id="navbar"
        role="button"
        tabindex="0"
      >
        <div
          class="top"
        >
          <h2>
            CAR RENT
          </h2>
          <ul>
            <li>
              <a
                href="/"
              >
                Car
              </a>
            </li>
            <li>
              <a
                href="/reserve"
              >
                Reserve
              </a>
            </li>
            <li>
              <a
                href="/myreserve"
              >
                My Reservations
              </a>
            </li>
            <li>
              <a
                href="/add"
              >
                Add Car
              </a>
            </li>
            <li>
              <a
                href="/delete"
              >
                Delete Car
              </a>
            </li>
            <li>
              <a
                href="/login"
              >
                sign out
              </a>
            </li>
          </ul>
        </div>
        <div
          class="socials"
        >
          <ul>
            <li>
              <i
                class="fa-brands fa-twitter"
              />
            </li>
            <li>
              <i
                class="fa-brands fa-facebook-f"
              />
            </li>
            <li>
              <i
                class="fa-brands fa-pinterest-p"
              />
            </li>
            <li>
              <i
                class="fa-brands fa-google-plus-g"
              />
            </li>
          </ul>
        </div>
        <div
          class="mobile cancel"
          role="button"
          tabindex="0"
        >
          <i
            class="fa-solid fa-xmark"
          />
        </div>
      </div>
    </div>
  </body>,
  "container": <div>
    <div
      class="mobile bars"
    >
      <span
        role="button"
        tabindex="0"
      >
        <i
          class="fa-solid fa-bars"
        />
      </span>
    </div>
    <div
      class="block"
      id="navbar"
      role="button"
      tabindex="0"
    >
      <div
        class="top"
      >
        <h2>
          CAR RENT
        </h2>
        <ul>
          <li>
            <a
              href="/"
            >
              Car
            </a>
          </li>
          <li>
            <a
              href="/reserve"
            >
              Reserve
            </a>
          </li>
          <li>
            <a
              href="/myreserve"
            >
              My Reservations
            </a>
          </li>
          <li>
            <a
              href="/add"
            >
              Add Car
            </a>
          </li>
          <li>
            <a
              href="/delete"
            >
              Delete Car
            </a>
          </li>
          <li>
            <a
              href="/login"
            >
              sign out
            </a>
          </li>
        </ul>
      </div>
      <div
        class="socials"
      >
        <ul>
          <li>
            <i
              class="fa-brands fa-twitter"
            />
          </li>
          <li>
            <i
              class="fa-brands fa-facebook-f"
            />
          </li>
          <li>
            <i
              class="fa-brands fa-pinterest-p"
            />
          </li>
          <li>
            <i
              class="fa-brands fa-google-plus-g"
            />
          </li>
        </ul>
      </div>
      <div
        class="mobile cancel"
        role="button"
        tabindex="0"
      >
        <i
          class="fa-solid fa-xmark"
        />
      </div>
    </div>
  </div>,
  "debug": [Function],
  "findAllByAltText": [Function],
  "findAllByDisplayValue": [Function],
  "findAllByLabelText": [Function],
  "findAllByPlaceholderText": [Function],
  "findAllByRole": [Function],
  "findAllByTestId": [Function],
  "findAllByText": [Function],
  "findAllByTitle": [Function],
  "findByAltText": [Function],
  "findByDisplayValue": [Function],
  "findByLabelText": [Function],
  "findByPlaceholderText": [Function],
  "findByRole": [Function],
  "findByTestId": [Function],
  "findByText": [Function],
  "findByTitle": [Function],
  "getAllByAltText": [Function],
  "getAllByDisplayValue": [Function],
  "getAllByLabelText": [Function],
  "getAllByPlaceholderText": [Function],
  "getAllByRole": [Function],
  "getAllByTestId": [Function],
  "getAllByText": [Function],
  "getAllByTitle": [Function],
  "getByAltText": [Function],
  "getByDisplayValue": [Function],
  "getByLabelText": [Function],
  "getByPlaceholderText": [Function],
  "getByRole": [Function],
  "getByTestId": [Function],
  "getByText": [Function],
  "getByTitle": [Function],
  "queryAllByAltText": [Function],
  "queryAllByDisplayValue": [Function],
  "queryAllByLabelText": [Function],
  "queryAllByPlaceholderText": [Function],
  "queryAllByRole": [Function],
  "queryAllByTestId": [Function],
  "queryAllByText": [Function],
  "queryAllByTitle": [Function],
  "queryByAltText": [Function],
  "queryByDisplayValue": [Function],
  "queryByLabelText": [Function],
  "queryByPlaceholderText": [Function],
  "queryByRole": [Function],
  "queryByTestId": [Function],
  "queryByText": [Function],
  "queryByTitle": [Function],
  "rerender": [Function],
  "unmount": [Function],
}
`;
