// Jest Snapshot v1, https://goo.gl/fbAQLP

exports[`MyReservation component matches snapshot 1`] = `
<section
  className="delete myreserve"
>
  <div>
    <h2>
      You do not have any reservation, please add a
      <a
        href="/reserve"
        onClick={[Function]}
      >
         new Reservation
      </a>
    </h2>
  </div>
</section>
`;
